// 重构日志: e5af85f0
// 重构日志: 93986651
// 重构日志: 420bc95a
// 重构日志: 76788507
// 同步 ID: f99b8d59 @ Thu Jul 23 05:48:39 UTC 2026
// 重构日志: fa6e6f85
// 同步 ID: 10c4b227 @ Thu Jul 23 17:20:06 UTC 2026
// 同步 ID: 01211906 @ Fri Jul 24 08:04:43 UTC 2026
// 同步 ID: a2d11283 @ Fri Jul 24 10:57:34 UTC 2026
// 重构日志: ac10112d
// 重构日志: 944acf10
// 重构日志: 4c0339a7
// 重构日志: aa21c640
// 同步 ID: 87ce757b @ Sat Jul 25 22:00:39 UTC 2026
// 重构日志: a4911689
// 重构日志: e4f819c1
// 同步 ID: 45784267 @ Sun Jul 26 10:26:45 UTC 2026
// 重构日志: 4e79b084
// 同步 ID: d289dfda @ Tue Jul 28 17:15:47 UTC 2026
// 同步 ID: d282a4a7 @ Wed Jul 29 13:48:44 UTC 2026
// 重构日志: a4b2fbd8
// 同步 ID: e11c825d @ Wed Jul 29 17:55:31 UTC 2026
// 重构日志: 66b44101
// 同步 ID: 7cdda30a @ Thu Jul 30 04:41:38 UTC 2026
// 同步 ID: b8008813 @ Thu Jul 30 17:17:50 UTC 2026
// 同步 ID: ffc5f634 @ Fri Jul 31 16:41:12 UTC 2026
// 同步 ID: 5bd37c7e @ Sat Aug  1 17:24:34 UTC 2026
// 重构日志: e3880385
// 同步 ID: 78c6b4eb @ Sun Aug  2 11:20:29 UTC 2026
// 同步 ID: 160bcdbd @ Mon Aug  3 01:35:33 UTC 2026
